g++ : In file included from 
main.cpp:1:
At line:1 char:1
+ g++ main.cpp Player.cpp 
Enemy.cpp -o game.exe 
-lsfml-graphics -lsfml- ...
+ ~~~~~~~~~~~~~~~~~~~~~~~~~~~
~~~~~~~~~~~~~~~~~~~~~~~~~~~~~
~~~~~~~~~~~~~
    + CategoryInfo           
   : NotSpecified: (In file  
   included from main.cpp:   
 1::String) [], RemoteExc    
eption
    + FullyQualifiedErrorId  
   : NativeCommandError
 
Game.h:2:10: fatal error: 
SFML/Graphics.hpp: No such 
file or directory
    2 | #include 
<SFML/Graphics.hpp>
      |          
^~~~~~~~~~~~~~~~~~~
compilation terminated.
In file included from 
Player.h:2,
                 from 
Player.cpp:1:
Entity.h:2:10: fatal error: 
SFML/Graphics.hpp: No such 
file or directory
    2 | #include 
<SFML/Graphics.hpp>
      |          
^~~~~~~~~~~~~~~~~~~
compilation terminated.
In file included from 
Enemy.cpp:1:
Enemy.h:2:10: fatal error: 
SFML/Graphics.hpp: No such 
file or directory
    2 | #include 
<SFML/Graphics.hpp>
      |          
^~~~~~~~~~~~~~~~~~~
compilation terminated.
